{
  "exclude": {
    "files": "go.sum|^.secrets.baseline$",
    "lines": null
  },
  "generated_at": "2026-09-11T13:20:25Z",
  "plugins_used": [
    {
      "name": "AWSKeyDetector"
    },
    {
      "name": "ArtifactoryDetector"
    },
    {
      "name": "AzureStorageKeyDetector"
    },
    {
      "base64_limit": 4.5,
      "name": "Base64HighEntropyString"
    },
    {
      "name": "BasicAuthDetector"
    },
    {
      "name": "BoxDetector"
    },
    {
      "name": "CloudantDetector"
    },
    {
      "ghe_instance": "github.ibm.com",
      "name": "GheDetector"
    },
    {
      "name": "GitHubTokenDetector"
    },
    {
      "hex_limit": 3,
      "name": "HexHighEntropyString"
    },
    {
      "name": "IbmCloudIamDetector"
    },
    {
      "name": "IbmCosHmacDetector"
    },
    {
      "name": "JwtTokenDetector"
    },
    {
      "keyword_exclude": null,
      "name": "KeywordDetector"
    },
    {
      "name": "MailchimpDetector"
    },
    {
      "name": "NpmDetector"
    },
    {
      "name": "PrivateKeyDetector"
    },
    {
      "name": "SlackDetector"
    },
    {
      "name": "SoftlayerDetector"
    },
    {
      "name": "SquareOAuthDetector"
    },
    {
      "name": "StripeDetector"
    },
    {
      "name": "TwilioKeyDetector"
    }
  ],
  "results": {
    "containerregistryv1/container_registry_v1.go": [
      {
        "hashed_secret": "783923e57ba5e8f1044632c31fd806ee24814bb5",
        "is_secret": false,
        "is_verified": false,
        "line_number": 198,
        "type": "Secret Keyword",
        "verified_result": null
      },
      {
        "hashed_secret": "0a25ba5991316bdda4a9b3abcee2106016df28a0",
        "is_secret": false,
        "is_verified": false,
        "line_number": 253,
        "type": "Secret Keyword",
        "verified_result": null
      }
    ],
    "containerregistryv1/container_registry_v1_examples_test.go": [
      {
        "hashed_secret": "811424347556b661512671f7a53aafa6aaf03ca2",
        "is_secret": false,
        "is_verified": false,
        "line_number": 38,
        "type": "Secret Keyword",
        "verified_result": null
      },
      {
        "hashed_secret": "c4a53180c86d1fdbf0d0421913e1dfc45d66e42a",
        "is_secret": false,
        "is_verified": false,
        "line_number": 72,
        "type": "Secret Keyword",
        "verified_result": null
      }
    ],
    "containerregistryv1/container_registry_v1_integration_test.go": [
      {
        "hashed_secret": "c4a53180c86d1fdbf0d0421913e1dfc45d66e42a",
        "is_secret": false,
        "is_verified": false,
        "line_number": 44,
        "type": "Secret Keyword",
        "verified_result": null
      }
    ],
    "containerregistryv1/container_registry_v1_test.go": [
      {
        "hashed_secret": "1f5e25be9b575e9f5d39c82dfd1d9f4d73f1975c",
        "is_secret": false,
        "is_verified": false,
        "line_number": 62,
        "type": "Secret Keyword",
        "verified_result": null
      }
    ],
    "package-lock.json": [
      {
        "hashed_secret": "9e6e4394a49198e654b4810b9c9509b61922b54c",
        "is_verified": false,
        "line_number": 19,
        "type": "Base64 High Entropy String",
        "verified_result": null
      },
      {
        "hashed_secret": "99b72f27105e956cb8a3be59af4f10081d17c510",
        "is_verified": false,
        "line_number": 30,
        "type": "Base64 High Entropy String",
        "verified_result": null
      },
      {
        "hashed_secret": "a192bc185ac191c719e6fba1c9e63ba2f1674818",
        "is_verified": false,
        "line_number": 40,
        "type": "Base64 High Entropy String",
        "verified_result": null
      },
      {
        "hashed_secret": "1fc42f647ac70090a5551d5b14940abb6ae29a6e",
        "is_verified": false,
        "line_number": 51,
        "type": "Base64 High Entropy String",
        "verified_result": null
      },
      {
        "hashed_secret": "d4eac0bf704336f38e69fd6832e6f021ded39602",
        "is_verified": false,
        "line_number": 58,
        "type": "Base64 High Entropy String",
        "verified_result": null
      },
      {
        "hashed_secret": "3e2a4d1a24c1c4aac8dc6ee6056c8a135c8db64a",
        "is_verified": false,
        "line_number": 73,
        "type": "Base64 High Entropy String",
        "verified_result": null
      },
      {
        "hashed_secret": "4e4bcb25416660d802dd76c917c6e61810f747c9",
        "is_verified": false,
        "line_number": 83,
        "type": "Base64 High Entropy String",
        "verified_result": null
      },
      {
        "hashed_secret": "12f16cfcc9f2d73cc1c7dff5fa1b787823fb00c7",
        "is_verified": false,
        "line_number": 94,
        "type": "Base64 High Entropy String",
        "verified_result": null
      },
      {
        "hashed_secret": "8c7a68bd326250ce79b2975f3860438969140048",
        "is_verified": false,
        "line_number": 104,
        "type": "Base64 High Entropy String",
        "verified_result": null
      },
      {
        "hashed_secret": "2d82d21f1616609761a3b974f07e93f06bb57481",
        "is_verified": false,
        "line_number": 123,
        "type": "Base64 High Entropy String",
        "verified_result": null
      },
      {
        "hashed_secret": "f0919e636d0d7662d118928dfa9767a22ecca86a",
        "is_verified": false,
        "line_number": 137,
        "type": "Base64 High Entropy String",
        "verified_result": null
      },
      {
        "hashed_secret": "880ef143a761f7ddc11a58959e9baae6605d96a7",
        "is_verified": false,
        "line_number": 152,
        "type": "Base64 High Entropy String",
        "verified_result": null
      },
      {
        "hashed_secret": "140133c744b526198c972ef5449e978e6b48df94",
        "is_verified": false,
        "line_number": 159,
        "type": "Base64 High Entropy String",
        "verified_result": null
      },
      {
        "hashed_secret": "42c1ea3083aa0727f7476d252e3a9efa58b0b6e2",
        "is_verified": false,
        "line_number": 175,
        "type": "Base64 High Entropy String",
        "verified_result": null
      },
      {
        "hashed_secret": "f64cabe513850650e784ee856410d7c8d67fbcfc",
        "is_verified": false,
        "line_number": 182,
        "type": "Base64 High Entropy String",
        "verified_result": null
      },
      {
        "hashed_secret": "023ced0825dc7af5bf6c5fdeece09658f04ee65f",
        "is_verified": false,
        "line_number": 192,
        "type": "Base64 High Entropy String",
        "verified_result": null
      },
      {
        "hashed_secret": "b203a0a6a9f86022c5e4d659617c5071bf0b81a4",
        "is_verified": false,
        "line_number": 210,
        "type": "Base64 High Entropy String",
        "verified_result": null
      },
      {
        "hashed_secret": "7d8cdc0d130a214ed6606d799ce72a0a87a1694c",
        "is_verified": false,
        "line_number": 227,
        "type": "Base64 High Entropy String",
        "verified_result": null
      },
      {
        "hashed_secret": "36f49c230fabc976186615fb9e0c2a3e52ba7ea6",
        "is_verified": false,
        "line_number": 244,
        "type": "Base64 High Entropy String",
        "verified_result": null
      },
      {
        "hashed_secret": "859e0a2a628c174f9fb717ffae517add05cb50ae",
        "is_verified": false,
        "line_number": 257,
        "type": "Base64 High Entropy String",
        "verified_result": null
      },
      {
        "hashed_secret": "4783302e7de2a9cb8e587d69976f51771cac8a69",
        "is_verified": false,
        "line_number": 267,
        "type": "Base64 High Entropy String",
        "verified_result": null
      },
      {
        "hashed_secret": "a0f25f7a22248b66a305473d3ad9ef249f741da3",
        "is_verified": false,
        "line_number": 277,
        "type": "Base64 High Entropy String",
        "verified_result": null
      },
      {
        "hashed_secret": "ee8683a23cdd459bb5b65c69db5b1f9c7c8797ab",
        "is_verified": false,
        "line_number": 290,
        "type": "Base64 High Entropy String",
        "verified_result": null
      },
      {
        "hashed_secret": "1ba9e841d7e90bb4a3cd840c99bb16ae2eb64cd9",
        "is_verified": false,
        "line_number": 297,
        "type": "Base64 High Entropy String",
        "verified_result": null
      },
      {
        "hashed_secret": "f5f9be35f193b742c458bb05766d0b62d4354665",
        "is_verified": false,
        "line_number": 312,
        "type": "Base64 High Entropy String",
        "verified_result": null
      },
      {
        "hashed_secret": "cbe604928f8ad4d741ad5979a9005a2754f1bb1c",
        "is_verified": false,
        "line_number": 319,
        "type": "Base64 High Entropy String",
        "verified_result": null
      },
      {
        "hashed_secret": "13d225978dc888309c0a71766ef1153a6798ac85",
        "is_verified": false,
        "line_number": 338,
        "type": "Base64 High Entropy String",
        "verified_result": null
      },
      {
        "hashed_secret": "8b9910458adf121f39d632c9d9caf40dc9819de6",
        "is_verified": false,
        "line_number": 361,
        "type": "Base64 High Entropy String",
        "verified_result": null
      },
      {
        "hashed_secret": "72582197a2bec4b304eec62f767561811debbbd0",
        "is_verified": false,
        "line_number": 370,
        "type": "Base64 High Entropy String",
        "verified_result": null
      },
      {
        "hashed_secret": "b3910c417f72a173a016ea93870241cbc44ef94d",
        "is_verified": false,
        "line_number": 419,
        "type": "Base64 High Entropy String",
        "verified_result": null
      },
      {
        "hashed_secret": "4b14989c7328ad3949ab46c13655b0571d524c8f",
        "is_verified": false,
        "line_number": 442,
        "type": "Base64 High Entropy String",
        "verified_result": null
      },
      {
        "hashed_secret": "935d0ebd64dba2fd3ec6ab430ddc9b692acef7d0",
        "is_verified": false,
        "line_number": 465,
        "type": "Base64 High Entropy String",
        "verified_result": null
      },
      {
        "hashed_secret": "7e775297f58b69533534e9a520c7b8b5bde51a0f",
        "is_verified": false,
        "line_number": 474,
        "type": "Base64 High Entropy String",
        "verified_result": null
      },
      {
        "hashed_secret": "0913ac5bef0b5ee1e0619deee04bed578b2cb11a",
        "is_verified": false,
        "line_number": 486,
        "type": "Base64 High Entropy String",
        "verified_result": null
      },
      {
        "hashed_secret": "97d77287e5c1c07c7f96185e164752eca91c10dc",
        "is_verified": false,
        "line_number": 495,
        "type": "Base64 High Entropy String",
        "verified_result": null
      },
      {
        "hashed_secret": "064b874f13a3779d7227de426e2646eaaf7d1b39",
        "is_verified": false,
        "line_number": 507,
        "type": "Base64 High Entropy String",
        "verified_result": null
      },
      {
        "hashed_secret": "28621296f59eed0c602dc2220a8718d54d8aa7be",
        "is_verified": false,
        "line_number": 522,
        "type": "Base64 High Entropy String",
        "verified_result": null
      },
      {
        "hashed_secret": "791f38c64d2c51c10e14db462464c2666734d875",
        "is_verified": false,
        "line_number": 531,
        "type": "Base64 High Entropy String",
        "verified_result": null
      },
      {
        "hashed_secret": "1f59562f4ed800e1384b832d00f2e2f7a3208a9a",
        "is_verified": false,
        "line_number": 540,
        "type": "Base64 High Entropy String",
        "verified_result": null
      },
      {
        "hashed_secret": "8f770445144cc4fea533f1524259cbe31ddd5712",
        "is_verified": false,
        "line_number": 628,
        "type": "Base64 High Entropy String",
        "verified_result": null
      },
      {
        "hashed_secret": "29896e1e728d0b1cdaf18c2e3107d644edacf587",
        "is_verified": false,
        "line_number": 638,
        "type": "Base64 High Entropy String",
        "verified_result": null
      },
      {
        "hashed_secret": "2af980c0d6f8059046026cbe69d49f2a6e22e771",
        "is_verified": false,
        "line_number": 724,
        "type": "Base64 High Entropy String",
        "verified_result": null
      },
      {
        "hashed_secret": "3a6e6e35d3918537296c74d556bd9bed37374ed3",
        "is_verified": false,
        "line_number": 749,
        "type": "Base64 High Entropy String",
        "verified_result": null
      },
      {
        "hashed_secret": "72d220a66f2ca0b008f53e7abf11f941af08537e",
        "is_verified": false,
        "line_number": 762,
        "type": "Base64 High Entropy String",
        "verified_result": null
      },
      {
        "hashed_secret": "87aff3c6c2e4719c7c068c625dc5c6bb833ab411",
        "is_verified": false,
        "line_number": 775,
        "type": "Base64 High Entropy String",
        "verified_result": null
      },
      {
        "hashed_secret": "afe8d592615512a769f890d8f4a6ab7af7eec445",
        "is_verified": false,
        "line_number": 782,
        "type": "Base64 High Entropy String",
        "verified_result": null
      },
      {
        "hashed_secret": "516458b2b5e8fbeb8a264e0526ed4bca6d2b0e61",
        "is_verified": false,
        "line_number": 815,
        "type": "Base64 High Entropy String",
        "verified_result": null
      },
      {
        "hashed_secret": "3a46f0e6640a505e6dabb6b77f3bf96e94223d06",
        "is_verified": false,
        "line_number": 833,
        "type": "Base64 High Entropy String",
        "verified_result": null
      },
      {
        "hashed_secret": "e2e1981730810c5b39aafee205bbfc1f2402d232",
        "is_verified": false,
        "line_number": 853,
        "type": "Base64 High Entropy String",
        "verified_result": null
      },
      {
        "hashed_secret": "499154bb162f9a7acab1b6cd1cefe6392fc568cc",
        "is_verified": false,
        "line_number": 866,
        "type": "Base64 High Entropy String",
        "verified_result": null
      },
      {
        "hashed_secret": "58ad375918964945ca2addfe6681e5b4a970b0cd",
        "is_verified": false,
        "line_number": 879,
        "type": "Base64 High Entropy String",
        "verified_result": null
      },
      {
        "hashed_secret": "10b848a8ccdee5457391ef626b0c61cc3bd9ded9",
        "is_verified": false,
        "line_number": 886,
        "type": "Base64 High Entropy String",
        "verified_result": null
      },
      {
        "hashed_secret": "9abc966298ceb3420110b6395ca5a9763974dcd2",
        "is_verified": false,
        "line_number": 896,
        "type": "Base64 High Entropy String",
        "verified_result": null
      },
      {
        "hashed_secret": "329a72857a5b286e373ba3b8aed6d0c92e16aa93",
        "is_verified": false,
        "line_number": 909,
        "type": "Base64 High Entropy String",
        "verified_result": null
      },
      {
        "hashed_secret": "35ca90e5fa9b87427a5ff8b3f333a7b7d45fc260",
        "is_verified": false,
        "line_number": 925,
        "type": "Base64 High Entropy String",
        "verified_result": null
      },
      {
        "hashed_secret": "d15b82853a984c45aab87399878c98082bac85ba",
        "is_verified": false,
        "line_number": 934,
        "type": "Base64 High Entropy String",
        "verified_result": null
      },
      {
        "hashed_secret": "7277b236bc60020a5471623a1d1b550b8126ead9",
        "is_verified": false,
        "line_number": 949,
        "type": "Base64 High Entropy String",
        "verified_result": null
      },
      {
        "hashed_secret": "22bd0abeadedbe4ac89a1415cff3788f50a4dc48",
        "is_verified": false,
        "line_number": 956,
        "type": "Base64 High Entropy String",
        "verified_result": null
      },
      {
        "hashed_secret": "c227244dfff10aa6b39bc0f103611a9d72a91487",
        "is_verified": false,
        "line_number": 963,
        "type": "Base64 High Entropy String",
        "verified_result": null
      },
      {
        "hashed_secret": "d4703c99ad3cf77a2bba133d139e74d023573c1e",
        "is_verified": false,
        "line_number": 969,
        "type": "Base64 High Entropy String",
        "verified_result": null
      },
      {
        "hashed_secret": "694a15f8ebd1b88c81325a864c546425dd118350",
        "is_verified": false,
        "line_number": 976,
        "type": "Base64 High Entropy String",
        "verified_result": null
      },
      {
        "hashed_secret": "872cfdfe1cb2f610b74ef7b6b16fd4c5b916edb2",
        "is_verified": false,
        "line_number": 983,
        "type": "Base64 High Entropy String",
        "verified_result": null
      },
      {
        "hashed_secret": "4cd454d960136b7b4f74cca3c12010ff2ebd7663",
        "is_verified": false,
        "line_number": 990,
        "type": "Base64 High Entropy String",
        "verified_result": null
      },
      {
        "hashed_secret": "7e0c8e7bebd3b26c7a99961ec3498c0448dcb08d",
        "is_verified": false,
        "line_number": 1002,
        "type": "Base64 High Entropy String",
        "verified_result": null
      },
      {
        "hashed_secret": "921921f85b97b5e67156dadc332159c1015fd407",
        "is_verified": false,
        "line_number": 1012,
        "type": "Base64 High Entropy String",
        "verified_result": null
      },
      {
        "hashed_secret": "f4bc56ad66486cf701c55579bcf67111c569f7bf",
        "is_verified": false,
        "line_number": 1025,
        "type": "Base64 High Entropy String",
        "verified_result": null
      },
      {
        "hashed_secret": "0d8b99381e4ee2312c7def98de2115a8f75f866e",
        "is_verified": false,
        "line_number": 1035,
        "type": "Base64 High Entropy String",
        "verified_result": null
      },
      {
        "hashed_secret": "4563e149689901ac0faf3749d636857d4eb196f1",
        "is_verified": false,
        "line_number": 1044,
        "type": "Base64 High Entropy String",
        "verified_result": null
      },
      {
        "hashed_secret": "5e5e944819f9ed1defbf3b9cf387214fb2f04d61",
        "is_verified": false,
        "line_number": 1066,
        "type": "Base64 High Entropy String",
        "verified_result": null
      },
      {
        "hashed_secret": "6f67b0fd13f6feb5f6132a68f8c7f59b6bdcf97e",
        "is_verified": false,
        "line_number": 1083,
        "type": "Base64 High Entropy String",
        "verified_result": null
      },
      {
        "hashed_secret": "2e2f318d68a1eda1299228bc37e598ff282bd7b5",
        "is_verified": false,
        "line_number": 1095,
        "type": "Base64 High Entropy String",
        "verified_result": null
      },
      {
        "hashed_secret": "4e2a0f2da6cfa14e5598aba376c0180bd96e55d8",
        "is_verified": false,
        "line_number": 1114,
        "type": "Base64 High Entropy String",
        "verified_result": null
      },
      {
        "hashed_secret": "299376f11a80e867117b7a61812c555b4f47686c",
        "is_verified": false,
        "line_number": 1130,
        "type": "Base64 High Entropy String",
        "verified_result": null
      },
      {
        "hashed_secret": "c48ec3a65b99d02c0ed20187fa5d167008b4722f",
        "is_verified": false,
        "line_number": 1158,
        "type": "Base64 High Entropy String",
        "verified_result": null
      },
      {
        "hashed_secret": "fd2fe6e278574e377cab7724ad85427eec98f477",
        "is_verified": false,
        "line_number": 1212,
        "type": "Base64 High Entropy String",
        "verified_result": null
      },
      {
        "hashed_secret": "4ed49acfbd180533265d2099f3043963c4a24443",
        "is_verified": false,
        "line_number": 1230,
        "type": "Base64 High Entropy String",
        "verified_result": null
      },
      {
        "hashed_secret": "428e72f71455a785963f1df5f85c26c6d6ae519b",
        "is_verified": false,
        "line_number": 1242,
        "type": "Base64 High Entropy String",
        "verified_result": null
      },
      {
        "hashed_secret": "23f390a5a802353f57d5ada37b4fc1318821819e",
        "is_verified": false,
        "line_number": 1248,
        "type": "Base64 High Entropy String",
        "verified_result": null
      },
      {
        "hashed_secret": "dfec080d16b3086bb7e4ed2216c5dac67d834e15",
        "is_verified": false,
        "line_number": 1259,
        "type": "Base64 High Entropy String",
        "verified_result": null
      },
      {
        "hashed_secret": "61625352b81b1679b7bac19d8a98d859dd8924b1",
        "is_verified": false,
        "line_number": 1270,
        "type": "Base64 High Entropy String",
        "verified_result": null
      },
      {
        "hashed_secret": "2b72cfc24cb2a569996f0bad00eb784971cba705",
        "is_verified": false,
        "line_number": 1283,
        "type": "Base64 High Entropy String",
        "verified_result": null
      },
      {
        "hashed_secret": "2ddf30b70909592b76194356147fc1aa88d1f4ff",
        "is_verified": false,
        "line_number": 1302,
        "type": "Base64 High Entropy String",
        "verified_result": null
      },
      {
        "hashed_secret": "2ecf041b79e6c07673b2d389a278e40ddd2ce723",
        "is_verified": false,
        "line_number": 1312,
        "type": "Base64 High Entropy String",
        "verified_result": null
      },
      {
        "hashed_secret": "5d7465ebccef1fa95ea9860b2e66ee48ecbc3551",
        "is_verified": false,
        "line_number": 1328,
        "type": "Base64 High Entropy String",
        "verified_result": null
      },
      {
        "hashed_secret": "4d17477d0d3e2b4da02caa8ddd5881c185b3970c",
        "is_verified": false,
        "line_number": 1341,
        "type": "Base64 High Entropy String",
        "verified_result": null
      },
      {
        "hashed_secret": "5dcd5e686441da894037ad608f2f60881fd00de0",
        "is_verified": false,
        "line_number": 1347,
        "type": "Base64 High Entropy String",
        "verified_result": null
      },
      {
        "hashed_secret": "862951cd71d0412b5e52bae3e952725486a655b0",
        "is_verified": false,
        "line_number": 1374,
        "type": "Base64 High Entropy String",
        "verified_result": null
      },
      {
        "hashed_secret": "32f16a9e753f32b640fbea1fb171d2d7dea9cfb6",
        "is_verified": false,
        "line_number": 1389,
        "type": "Base64 High Entropy String",
        "verified_result": null
      },
      {
        "hashed_secret": "7fd94c6278cdb48feadb2feb8613cad93052de04",
        "is_verified": false,
        "line_number": 1405,
        "type": "Base64 High Entropy String",
        "verified_result": null
      },
      {
        "hashed_secret": "5e7ae7899d7f1529038e54411fdd4047ac31046d",
        "is_verified": false,
        "line_number": 1418,
        "type": "Base64 High Entropy String",
        "verified_result": null
      },
      {
        "hashed_secret": "001d1c5b6dd68dc1c73d24adfd6cef9918a5bc95",
        "is_verified": false,
        "line_number": 1435,
        "type": "Base64 High Entropy String",
        "verified_result": null
      },
      {
        "hashed_secret": "0de19c18e237ed835029485aad167c3980b5021f",
        "is_verified": false,
        "line_number": 1445,
        "type": "Base64 High Entropy String",
        "verified_result": null
      },
      {
        "hashed_secret": "a32ffe8d9fdbaeb585585ce8cd7b374a3023dc5c",
        "is_verified": false,
        "line_number": 1457,
        "type": "Base64 High Entropy String",
        "verified_result": null
      },
      {
        "hashed_secret": "284c22c0ba8c24cd2d6ddd20c4312fb0c1be054b",
        "is_verified": false,
        "line_number": 1470,
        "type": "Base64 High Entropy String",
        "verified_result": null
      },
      {
        "hashed_secret": "fc7b2f07f919c3f8e20aa78a1756d2bcca252fb9",
        "is_verified": false,
        "line_number": 1479,
        "type": "Base64 High Entropy String",
        "verified_result": null
      },
      {
        "hashed_secret": "b1a07762bf1d389f46875ab3471bef277926585d",
        "is_verified": false,
        "line_number": 1485,
        "type": "Base64 High Entropy String",
        "verified_result": null
      },
      {
        "hashed_secret": "42f87ab63026d8142809b2ef7e48b74d15547aec",
        "is_verified": false,
        "line_number": 1492,
        "type": "Base64 High Entropy String",
        "verified_result": null
      },
      {
        "hashed_secret": "8397cfed01049b1d4f005a8f06d81081e32e7bf0",
        "is_verified": false,
        "line_number": 1506,
        "type": "Base64 High Entropy String",
        "verified_result": null
      },
      {
        "hashed_secret": "8445443550ca4414f6d5ed6b062706991b53db72",
        "is_verified": false,
        "line_number": 1530,
        "type": "Base64 High Entropy String",
        "verified_result": null
      },
      {
        "hashed_secret": "399a10e578724c52b45e79ab437f1ac7d890b205",
        "is_verified": false,
        "line_number": 1543,
        "type": "Base64 High Entropy String",
        "verified_result": null
      },
      {
        "hashed_secret": "65bf9ce9cce2677ae8a5ea43d01e18108ca6bca8",
        "is_verified": false,
        "line_number": 1566,
        "type": "Base64 High Entropy String",
        "verified_result": null
      },
      {
        "hashed_secret": "34f5cd0383bf8e440ddb6c8bf2abadf4fad5b230",
        "is_verified": false,
        "line_number": 1608,
        "type": "Base64 High Entropy String",
        "verified_result": null
      },
      {
        "hashed_secret": "d143e205c2b409dd1d808e0a19aa09766b2a6c07",
        "is_verified": false,
        "line_number": 1621,
        "type": "Base64 High Entropy String",
        "verified_result": null
      },
      {
        "hashed_secret": "06b624999b2da9d4a43fbab83803a6e237d87b1b",
        "is_verified": false,
        "line_number": 1631,
        "type": "Base64 High Entropy String",
        "verified_result": null
      },
      {
        "hashed_secret": "8af94d587ff04c1f1a5c8990e2ade46a8fc41f6b",
        "is_verified": false,
        "line_number": 1644,
        "type": "Base64 High Entropy String",
        "verified_result": null
      },
      {
        "hashed_secret": "c06508ec06eccd00fa92cdf8ab20f6ec9d48bbde",
        "is_verified": false,
        "line_number": 1653,
        "type": "Base64 High Entropy String",
        "verified_result": null
      },
      {
        "hashed_secret": "9282693a1a1e5f8fadcc1617db1f7a097db8429b",
        "is_verified": false,
        "line_number": 1662,
        "type": "Base64 High Entropy String",
        "verified_result": null
      },
      {
        "hashed_secret": "33261380fe99cf0586395fb92b1e8b76e22b1be2",
        "is_verified": false,
        "line_number": 1675,
        "type": "Base64 High Entropy String",
        "verified_result": null
      },
      {
        "hashed_secret": "78bfe05108de186ac70c464de7c588277c9a2510",
        "is_verified": false,
        "line_number": 1702,
        "type": "Base64 High Entropy String",
        "verified_result": null
      },
      {
        "hashed_secret": "1c7d9f2d833d37ad0a3febd081ef9f964057b829",
        "is_verified": false,
        "line_number": 1715,
        "type": "Base64 High Entropy String",
        "verified_result": null
      },
      {
        "hashed_secret": "e0c6ae09dd70fa25056d591ada0ad32df0dfe873",
        "is_verified": false,
        "line_number": 1732,
        "type": "Base64 High Entropy String",
        "verified_result": null
      },
      {
        "hashed_secret": "9e64789bb21ec36d78ab4c94ef2a30b3a91e0571",
        "is_verified": false,
        "line_number": 1745,
        "type": "Base64 High Entropy String",
        "verified_result": null
      },
      {
        "hashed_secret": "2178677736f495c14688799bb2f989189e33277f",
        "is_verified": false,
        "line_number": 1762,
        "type": "Base64 High Entropy String",
        "verified_result": null
      },
      {
        "hashed_secret": "7c235e480345a8563b9b7348d8b568bd51bf3814",
        "is_verified": false,
        "line_number": 1778,
        "type": "Base64 High Entropy String",
        "verified_result": null
      },
      {
        "hashed_secret": "97ab926388bff86c871523c75c1c14bc8760faf1",
        "is_verified": false,
        "line_number": 1790,
        "type": "Base64 High Entropy String",
        "verified_result": null
      },
      {
        "hashed_secret": "523d6e3f0a75b31fd1ad0e010f0e3659b79d235f",
        "is_verified": false,
        "line_number": 1803,
        "type": "Base64 High Entropy String",
        "verified_result": null
      },
      {
        "hashed_secret": "bea958bbffb010b2051fe24ee6a03e00ef147ee1",
        "is_verified": false,
        "line_number": 1820,
        "type": "Base64 High Entropy String",
        "verified_result": null
      },
      {
        "hashed_secret": "585c7d123eda8aedeb9c8f282897c4ce52d1768a",
        "is_verified": false,
        "line_number": 1831,
        "type": "Base64 High Entropy String",
        "verified_result": null
      },
      {
        "hashed_secret": "f804de770e1d7ee024e37e13e177be41d6559981",
        "is_verified": false,
        "line_number": 1845,
        "type": "Base64 High Entropy String",
        "verified_result": null
      },
      {
        "hashed_secret": "184476d985c0d799b82544165cb4d456129f594c",
        "is_verified": false,
        "line_number": 1858,
        "type": "Base64 High Entropy String",
        "verified_result": null
      },
      {
        "hashed_secret": "9e9ccc5d500bb2248a278d605f066e2a791f6db7",
        "is_verified": false,
        "line_number": 1867,
        "type": "Base64 High Entropy String",
        "verified_result": null
      },
      {
        "hashed_secret": "12d7fe8a858191bcb754bf370fa775a409eac3c9",
        "is_verified": false,
        "line_number": 1880,
        "type": "Base64 High Entropy String",
        "verified_result": null
      },
      {
        "hashed_secret": "beb1efda5ea13501229d4b6f2eeaa74f58cfba44",
        "is_verified": false,
        "line_number": 1892,
        "type": "Base64 High Entropy String",
        "verified_result": null
      },
      {
        "hashed_secret": "01a0aea0671e390b2d4278eae32c45a57599cedf",
        "is_verified": false,
        "line_number": 1906,
        "type": "Base64 High Entropy String",
        "verified_result": null
      },
      {
        "hashed_secret": "ec8a83737b73d60d903f68891f613a1d4d017aa9",
        "is_verified": false,
        "line_number": 1915,
        "type": "Base64 High Entropy String",
        "verified_result": null
      },
      {
        "hashed_secret": "1e074256695d27dc0bea46d8da0b7d078ac360b9",
        "is_verified": false,
        "line_number": 1925,
        "type": "Base64 High Entropy String",
        "verified_result": null
      },
      {
        "hashed_secret": "d852916b82cd5440007c77503ec6217b4fc14cf0",
        "is_verified": false,
        "line_number": 1931,
        "type": "Base64 High Entropy String",
        "verified_result": null
      },
      {
        "hashed_secret": "086b47ff4b09d5daf48fc11a12842df114051a64",
        "is_verified": false,
        "line_number": 1953,
        "type": "Base64 High Entropy String",
        "verified_result": null
      },
      {
        "hashed_secret": "45b263042bba2b0520095760708c3f7061d90f74",
        "is_verified": false,
        "line_number": 1963,
        "type": "Base64 High Entropy String",
        "verified_result": null
      },
      {
        "hashed_secret": "a1cce6ed5cc2d54d4ff28558b2384780cbe31225",
        "is_verified": false,
        "line_number": 1973,
        "type": "Base64 High Entropy String",
        "verified_result": null
      },
      {
        "hashed_secret": "897ed0c66762efbf74fafd1ce6248bb0db510b83",
        "is_verified": false,
        "line_number": 1986,
        "type": "Base64 High Entropy String",
        "verified_result": null
      },
      {
        "hashed_secret": "a1c0e79f5dc16231ee3287f81376072552dd7eaa",
        "is_verified": false,
        "line_number": 1999,
        "type": "Base64 High Entropy String",
        "verified_result": null
      },
      {
        "hashed_secret": "8b2fbf594f5f1170baa369b833586a38444fec87",
        "is_verified": false,
        "line_number": 2014,
        "type": "Base64 High Entropy String",
        "verified_result": null
      },
      {
        "hashed_secret": "d6b03a44c81f1571d841b5d8965c51773e07a5fc",
        "is_verified": false,
        "line_number": 2029,
        "type": "Base64 High Entropy String",
        "verified_result": null
      },
      {
        "hashed_secret": "f1ac10cceb66eae06a957162ed1c39f18f017ee5",
        "is_verified": false,
        "line_number": 2039,
        "type": "Base64 High Entropy String",
        "verified_result": null
      },
      {
        "hashed_secret": "41135cd24fce09855f67710faed09efce38cd9fb",
        "is_verified": false,
        "line_number": 2056,
        "type": "Base64 High Entropy String",
        "verified_result": null
      },
      {
        "hashed_secret": "cd5c70acb353de6e0004ae327098e8ea7bf64bb2",
        "is_verified": false,
        "line_number": 2066,
        "type": "Base64 High Entropy String",
        "verified_result": null
      },
      {
        "hashed_secret": "2471891f041d13048d1f17a6e0fb2567f5dcd933",
        "is_verified": false,
        "line_number": 2080,
        "type": "Base64 High Entropy String",
        "verified_result": null
      },
      {
        "hashed_secret": "1109544447e298af75035b2bbfc851610f963a65",
        "is_verified": false,
        "line_number": 2091,
        "type": "Base64 High Entropy String",
        "verified_result": null
      },
      {
        "hashed_secret": "f541a46a16ca4fd76b286d1d4cdf20c79895878e",
        "is_verified": false,
        "line_number": 2100,
        "type": "Base64 High Entropy String",
        "verified_result": null
      },
      {
        "hashed_secret": "cf09cb791688fe019284bfdc362abc41918645a5",
        "is_verified": false,
        "line_number": 2113,
        "type": "Base64 High Entropy String",
        "verified_result": null
      },
      {
        "hashed_secret": "3e0e69fc20064535d7eda17ef7ed449494f6f8bf",
        "is_verified": false,
        "line_number": 2119,
        "type": "Base64 High Entropy String",
        "verified_result": null
      },
      {
        "hashed_secret": "063aa0bf9512ceeccb6b0b4202f4bae1b2be6b53",
        "is_verified": false,
        "line_number": 2126,
        "type": "Base64 High Entropy String",
        "verified_result": null
      },
      {
        "hashed_secret": "28b39ec24e3005969658899da8df00018ced10cf",
        "is_verified": false,
        "line_number": 2143,
        "type": "Base64 High Entropy String",
        "verified_result": null
      },
      {
        "hashed_secret": "d5ec021cbb92c3486e38fac176f4f59a6c1d92e8",
        "is_verified": false,
        "line_number": 2149,
        "type": "Base64 High Entropy String",
        "verified_result": null
      },
      {
        "hashed_secret": "8f95bdf43361cffe6720264f402b5636239f6367",
        "is_verified": false,
        "line_number": 2158,
        "type": "Base64 High Entropy String",
        "verified_result": null
      },
      {
        "hashed_secret": "f89ed9527422d1b197cbc9a4515b18bf462823a3",
        "is_verified": false,
        "line_number": 2167,
        "type": "Base64 High Entropy String",
        "verified_result": null
      },
      {
        "hashed_secret": "523696dbce7fa1ba78c3e9e7ced068a037d0e6a1",
        "is_verified": false,
        "line_number": 2177,
        "type": "Base64 High Entropy String",
        "verified_result": null
      },
      {
        "hashed_secret": "0ceb1039cbb67e56ae6237b96c006005426a6f58",
        "is_verified": false,
        "line_number": 2190,
        "type": "Base64 High Entropy String",
        "verified_result": null
      },
      {
        "hashed_secret": "72fe81b664ff3e8f2cfd463e4ce38ef94e2ba274",
        "is_verified": false,
        "line_number": 2203,
        "type": "Base64 High Entropy String",
        "verified_result": null
      },
      {
        "hashed_secret": "d3b2db7e04569dcc578683201554e2adb2ba769f",
        "is_verified": false,
        "line_number": 2216,
        "type": "Base64 High Entropy String",
        "verified_result": null
      },
      {
        "hashed_secret": "4e5e279b264f80f6302507f3bc02028118a5381f",
        "is_verified": false,
        "line_number": 2222,
        "type": "Base64 High Entropy String",
        "verified_result": null
      },
      {
        "hashed_secret": "0835972adf69eb347097220d3fd34109081f837f",
        "is_verified": false,
        "line_number": 2228,
        "type": "Base64 High Entropy String",
        "verified_result": null
      },
      {
        "hashed_secret": "13bd7dac479881e93786c1072a90498f121640b0",
        "is_verified": false,
        "line_number": 2245,
        "type": "Base64 High Entropy String",
        "verified_result": null
      },
      {
        "hashed_secret": "5856bd4cb3a23981807d6e537408344c13ffaada",
        "is_verified": false,
        "line_number": 2255,
        "type": "Base64 High Entropy String",
        "verified_result": null
      },
      {
        "hashed_secret": "0b2558349b06c5c0d5e3bacbacb81aa4b8576c13",
        "is_verified": false,
        "line_number": 2262,
        "type": "Base64 High Entropy String",
        "verified_result": null
      },
      {
        "hashed_secret": "476b425c942e47f41faab5adfc309c06e8ee0612",
        "is_verified": false,
        "line_number": 2285,
        "type": "Base64 High Entropy String",
        "verified_result": null
      },
      {
        "hashed_secret": "a38b32005305ff20174b03ddb42d76d3ef9cd7cb",
        "is_verified": false,
        "line_number": 2291,
        "type": "Base64 High Entropy String",
        "verified_result": null
      },
      {
        "hashed_secret": "6a2e29f49d744c31da1e46102b652a3e92fb6e85",
        "is_verified": false,
        "line_number": 2297,
        "type": "Base64 High Entropy String",
        "verified_result": null
      },
      {
        "hashed_secret": "1e94f147d0d24999498d3527047accfcd7cd2402",
        "is_verified": false,
        "line_number": 2309,
        "type": "Base64 High Entropy String",
        "verified_result": null
      },
      {
        "hashed_secret": "d75b87858169df47fcb72f47660e77f8c4ad7a0f",
        "is_verified": false,
        "line_number": 2315,
        "type": "Base64 High Entropy String",
        "verified_result": null
      },
      {
        "hashed_secret": "f2352ab4840ea4b3f7a2e39ccc42ef5ae96aa4d9",
        "is_verified": false,
        "line_number": 2330,
        "type": "Base64 High Entropy String",
        "verified_result": null
      },
      {
        "hashed_secret": "2cb277435cb97d4859d0d0ae4d891a9f3cd17bef",
        "is_verified": false,
        "line_number": 2343,
        "type": "Base64 High Entropy String",
        "verified_result": null
      },
      {
        "hashed_secret": "af1761dddd338a777dabd8eb8f1ae8955205a116",
        "is_verified": false,
        "line_number": 2350,
        "type": "Base64 High Entropy String",
        "verified_result": null
      },
      {
        "hashed_secret": "f527d75ad79d9d6d007c979888d70e0b2bf8ad09",
        "is_verified": false,
        "line_number": 2357,
        "type": "Base64 High Entropy String",
        "verified_result": null
      },
      {
        "hashed_secret": "6f17552a49d8041605b1ca83358ce606158f86d0",
        "is_verified": false,
        "line_number": 2364,
        "type": "Base64 High Entropy String",
        "verified_result": null
      },
      {
        "hashed_secret": "3096c8a9e57262c8b5d3ca42a6105e1981f09d0a",
        "is_verified": false,
        "line_number": 2371,
        "type": "Base64 High Entropy String",
        "verified_result": null
      },
      {
        "hashed_secret": "88f88432a8e034d0adc46e36bc336e4b93391ac4",
        "is_verified": false,
        "line_number": 2378,
        "type": "Base64 High Entropy String",
        "verified_result": null
      },
      {
        "hashed_secret": "eaa857f11306215d46e8c393a8b091b400ff964d",
        "is_verified": false,
        "line_number": 2385,
        "type": "Base64 High Entropy String",
        "verified_result": null
      },
      {
        "hashed_secret": "e591d8983180f8bd9d6b848635ce92840830c3c4",
        "is_verified": false,
        "line_number": 2392,
        "type": "Base64 High Entropy String",
        "verified_result": null
      },
      {
        "hashed_secret": "8fd991cd05ad3f6a7f265fc37db4fe1baaea8997",
        "is_verified": false,
        "line_number": 2402,
        "type": "Base64 High Entropy String",
        "verified_result": null
      },
      {
        "hashed_secret": "2a035b5fa3d99e025a98ac80c617bdce78fb9f8a",
        "is_verified": false,
        "line_number": 2415,
        "type": "Base64 High Entropy String",
        "verified_result": null
      },
      {
        "hashed_secret": "5cf5cffaf791e9c3efd3e28c76c335d69df09aa2",
        "is_verified": false,
        "line_number": 2437,
        "type": "Base64 High Entropy String",
        "verified_result": null
      },
      {
        "hashed_secret": "5a12ff057b2491c58fe1cc906d19d5ff2fcc017d",
        "is_verified": false,
        "line_number": 2450,
        "type": "Base64 High Entropy String",
        "verified_result": null
      },
      {
        "hashed_secret": "2cf8bb850e018731465613b416d9603758dce6bb",
        "is_verified": false,
        "line_number": 2463,
        "type": "Base64 High Entropy String",
        "verified_result": null
      },
      {
        "hashed_secret": "81a165cc6dfc1c5b2a498fefdd6a0774232063b9",
        "is_verified": false,
        "line_number": 2469,
        "type": "Base64 High Entropy String",
        "verified_result": null
      },
      {
        "hashed_secret": "50a897c35f92062979bd4f585b4dd62668fb0e68",
        "is_verified": false,
        "line_number": 2483,
        "type": "Base64 High Entropy String",
        "verified_result": null
      },
      {
        "hashed_secret": "825c3847dea034a478a75191a2b14d59fa5afa61",
        "is_verified": false,
        "line_number": 2499,
        "type": "Base64 High Entropy String",
        "verified_result": null
      },
      {
        "hashed_secret": "8ac8e759308be486fa9eb1fcadf99defd39eab96",
        "is_verified": false,
        "line_number": 2512,
        "type": "Base64 High Entropy String",
        "verified_result": null
      },
      {
        "hashed_secret": "ea7a290ccb099ca955bf01c7b1203e4930a1f79a",
        "is_verified": false,
        "line_number": 2522,
        "type": "Base64 High Entropy String",
        "verified_result": null
      },
      {
        "hashed_secret": "0b71f251dce97cc8c0879562a464e3e95411019e",
        "is_verified": false,
        "line_number": 2528,
        "type": "Base64 High Entropy String",
        "verified_result": null
      },
      {
        "hashed_secret": "68098bf4bc6873ec14d7ceb6ca8ae49988505c5c",
        "is_verified": false,
        "line_number": 2540,
        "type": "Base64 High Entropy String",
        "verified_result": null
      },
      {
        "hashed_secret": "eeada02454b0de83112051fffd832e8f59d6e04e",
        "is_verified": false,
        "line_number": 2547,
        "type": "Base64 High Entropy String",
        "verified_result": null
      },
      {
        "hashed_secret": "e4f5826ff2c4cf6dc9a991a87dd57f0724ca51fc",
        "is_verified": false,
        "line_number": 2554,
        "type": "Base64 High Entropy String",
        "verified_result": null
      },
      {
        "hashed_secret": "077871fec50a814057e7b3cf7f6287d69ea7d2f0",
        "is_verified": false,
        "line_number": 2570,
        "type": "Base64 High Entropy String",
        "verified_result": null
      },
      {
        "hashed_secret": "08bc40ba37098f75d39f6fba641d3625d6e98df7",
        "is_verified": false,
        "line_number": 2585,
        "type": "Base64 High Entropy String",
        "verified_result": null
      },
      {
        "hashed_secret": "20f113d5c4273b41115d880bec7d0be260143fae",
        "is_verified": false,
        "line_number": 2598,
        "type": "Base64 High Entropy String",
        "verified_result": null
      },
      {
        "hashed_secret": "4893e80633372147d1707f36e7b8998984ddcfce",
        "is_verified": false,
        "line_number": 2753,
        "type": "Base64 High Entropy String",
        "verified_result": null
      },
      {
        "hashed_secret": "57c8d8926e4ba512c9b734875e9fb9ac68c06f8f",
        "is_verified": false,
        "line_number": 2770,
        "type": "Base64 High Entropy String",
        "verified_result": null
      },
      {
        "hashed_secret": "bfa89e1607d2248db3523f241a0e9eb543cd0061",
        "is_verified": false,
        "line_number": 4535,
        "type": "Base64 High Entropy String",
        "verified_result": null
      },
      {
        "hashed_secret": "22ccb58cfd9117c60ea32a1d098a851f3c2efc0e",
        "is_verified": false,
        "line_number": 4545,
        "type": "Base64 High Entropy String",
        "verified_result": null
      },
      {
        "hashed_secret": "5128d600d638cb76b133ddea7e0ef534830f69d0",
        "is_verified": false,
        "line_number": 4561,
        "type": "Base64 High Entropy String",
        "verified_result": null
      },
      {
        "hashed_secret": "ac2b7c1752116be849c889282071de599bad2389",
        "is_verified": false,
        "line_number": 4573,
        "type": "Base64 High Entropy String",
        "verified_result": null
      },
      {
        "hashed_secret": "55cef7f761eb797a019ea79e70eec342e791e42a",
        "is_verified": false,
        "line_number": 4589,
        "type": "Base64 High Entropy String",
        "verified_result": null
      },
      {
        "hashed_secret": "84d411d7623364bc17c06ed53eaf271bc7c266c6",
        "is_verified": false,
        "line_number": 4599,
        "type": "Base64 High Entropy String",
        "verified_result": null
      },
      {
        "hashed_secret": "f0c3a4eb37d46158201ebd842e5e21d55636d270",
        "is_verified": false,
        "line_number": 4612,
        "type": "Base64 High Entropy String",
        "verified_result": null
      },
      {
        "hashed_secret": "139323d71483de0860981200fb39673681ab2ef2",
        "is_verified": false,
        "line_number": 4624,
        "type": "Base64 High Entropy String",
        "verified_result": null
      },
      {
        "hashed_secret": "d9efbdf71c548a000ac469ddb800a566a21d9824",
        "is_verified": false,
        "line_number": 4637,
        "type": "Base64 High Entropy String",
        "verified_result": null
      },
      {
        "hashed_secret": "0aca85924cec4dc056d0c383d36d722ac7d5365b",
        "is_verified": false,
        "line_number": 4655,
        "type": "Base64 High Entropy String",
        "verified_result": null
      },
      {
        "hashed_secret": "b6b194d1b4fa44f263ff991e02d5f4c8574d1f22",
        "is_verified": false,
        "line_number": 4668,
        "type": "Base64 High Entropy String",
        "verified_result": null
      },
      {
        "hashed_secret": "669d8761215dba3ac8842ad4ed623cd57dbece0e",
        "is_verified": false,
        "line_number": 4675,
        "type": "Base64 High Entropy String",
        "verified_result": null
      },
      {
        "hashed_secret": "baed109aea007a46bf4412e143c85a396e62785a",
        "is_verified": false,
        "line_number": 4685,
        "type": "Base64 High Entropy String",
        "verified_result": null
      },
      {
        "hashed_secret": "61ff5c8a702d8ffe28063c06487a3a5a0db2ed70",
        "is_verified": false,
        "line_number": 4692,
        "type": "Base64 High Entropy String",
        "verified_result": null
      },
      {
        "hashed_secret": "b3535a5defc70dbd440e104c8ed5aac37b8a6ca3",
        "is_verified": false,
        "line_number": 4701,
        "type": "Base64 High Entropy String",
        "verified_result": null
      },
      {
        "hashed_secret": "4439cc784aca22e5cdf33ed6656f5b8b99eaa44d",
        "is_verified": false,
        "line_number": 4710,
        "type": "Base64 High Entropy String",
        "verified_result": null
      },
      {
        "hashed_secret": "3bae03646f3110a32c0d619e0c5fb4a15d624dfb",
        "is_verified": false,
        "line_number": 4717,
        "type": "Base64 High Entropy String",
        "verified_result": null
      },
      {
        "hashed_secret": "733e1c871d26368aaeb43bec005e1e91653973a0",
        "is_verified": false,
        "line_number": 4730,
        "type": "Base64 High Entropy String",
        "verified_result": null
      },
      {
        "hashed_secret": "e34b10c576cd9d4c248138261aaab653a7ea0d3e",
        "is_verified": false,
        "line_number": 4739,
        "type": "Base64 High Entropy String",
        "verified_result": null
      },
      {
        "hashed_secret": "fda255ddec9ee6a384999acc7bd3057d7494bcb4",
        "is_verified": false,
        "line_number": 4752,
        "type": "Base64 High Entropy String",
        "verified_result": null
      },
      {
        "hashed_secret": "1aa1c642a71f01f824792bcc9b73707569ebf948",
        "is_verified": false,
        "line_number": 4764,
        "type": "Base64 High Entropy String",
        "verified_result": null
      },
      {
        "hashed_secret": "5186663ba8feeccfce507c907a6e440fde36ccac",
        "is_verified": false,
        "line_number": 4777,
        "type": "Base64 High Entropy String",
        "verified_result": null
      },
      {
        "hashed_secret": "b655c8fc003c4139d2700626e980eff28f5f29fb",
        "is_verified": false,
        "line_number": 4789,
        "type": "Base64 High Entropy String",
        "verified_result": null
      },
      {
        "hashed_secret": "69c464bdd5c4eb977ac3bdc7ec7e571b3d6ad51d",
        "is_verified": false,
        "line_number": 4801,
        "type": "Base64 High Entropy String",
        "verified_result": null
      },
      {
        "hashed_secret": "0a21ae19baf802389832af16d44ebda8c8a50f34",
        "is_verified": false,
        "line_number": 4810,
        "type": "Base64 High Entropy String",
        "verified_result": null
      },
      {
        "hashed_secret": "0ad5e9aac9fcedd247401d13aa5258d7836a2a9f",
        "is_verified": false,
        "line_number": 4819,
        "type": "Base64 High Entropy String",
        "verified_result": null
      },
      {
        "hashed_secret": "bc98c415b1c6ee93adf8e97a4a536b6342337c19",
        "is_verified": false,
        "line_number": 4835,
        "type": "Base64 High Entropy String",
        "verified_result": null
      },
      {
        "hashed_secret": "e119fa58703ede615f4b978afce0ff9dd25fba93",
        "is_verified": false,
        "line_number": 4841,
        "type": "Base64 High Entropy String",
        "verified_result": null
      },
      {
        "hashed_secret": "8afdfebf8afb002a6880b23aa27b1ddba15809d1",
        "is_verified": false,
        "line_number": 4848,
        "type": "Base64 High Entropy String",
        "verified_result": null
      },
      {
        "hashed_secret": "773059609b4366873bd8442db06662c2e66dafff",
        "is_verified": false,
        "line_number": 4866,
        "type": "Base64 High Entropy String",
        "verified_result": null
      },
      {
        "hashed_secret": "85c0773a7a506211bf185918b78156ebc1bbe631",
        "is_verified": false,
        "line_number": 4882,
        "type": "Base64 High Entropy String",
        "verified_result": null
      },
      {
        "hashed_secret": "c3a234f1c2ebed8b1a891ab28f4aaec67f74b898",
        "is_verified": false,
        "line_number": 4916,
        "type": "Base64 High Entropy String",
        "verified_result": null
      },
      {
        "hashed_secret": "4039d58fcdf24b8e6b7155cb75b139d4d81b3a82",
        "is_verified": false,
        "line_number": 4936,
        "type": "Base64 High Entropy String",
        "verified_result": null
      },
      {
        "hashed_secret": "1c31ee965518961d8fcf208fdc4971169783c8d2",
        "is_verified": false,
        "line_number": 4967,
        "type": "Base64 High Entropy String",
        "verified_result": null
      },
      {
        "hashed_secret": "da39292190bc5f204d9a037a9cf3375f2bea7bb9",
        "is_verified": false,
        "line_number": 4983,
        "type": "Base64 High Entropy String",
        "verified_result": null
      },
      {
        "hashed_secret": "400dd4b00ac9d3a1dc1b129f626b9d8f46277a84",
        "is_verified": false,
        "line_number": 4996,
        "type": "Base64 High Entropy String",
        "verified_result": null
      },
      {
        "hashed_secret": "f661e122199f99d3934205c09eae67254edf919d",
        "is_verified": false,
        "line_number": 5011,
        "type": "Base64 High Entropy String",
        "verified_result": null
      },
      {
        "hashed_secret": "3c48660b66db6687c2ba1b7ffbac279614eead6e",
        "is_verified": false,
        "line_number": 5024,
        "type": "Base64 High Entropy String",
        "verified_result": null
      },
      {
        "hashed_secret": "f241e44dd1421cd26ac78332db57217a61f50c94",
        "is_verified": false,
        "line_number": 5033,
        "type": "Base64 High Entropy String",
        "verified_result": null
      },
      {
        "hashed_secret": "d5e822897b1f37e6ce1a864e2ba9af8f9bfc5539",
        "is_verified": false,
        "line_number": 5042,
        "type": "Base64 High Entropy String",
        "verified_result": null
      },
      {
        "hashed_secret": "279d9e7f6c93062707e439a3e66715de495fe18e",
        "is_verified": false,
        "line_number": 5048,
        "type": "Base64 High Entropy String",
        "verified_result": null
      },
      {
        "hashed_secret": "51b8a08b4cad63e79eae1c09ea89ef7c9524b273",
        "is_verified": false,
        "line_number": 5091,
        "type": "Base64 High Entropy String",
        "verified_result": null
      },
      {
        "hashed_secret": "043ff6c5b8dc19612be439abf74bc595d74284cc",
        "is_verified": false,
        "line_number": 5101,
        "type": "Base64 High Entropy String",
        "verified_result": null
      },
      {
        "hashed_secret": "6696f4d3e4cbdcfc806de67794e4d590ecc48e40",
        "is_verified": false,
        "line_number": 5118,
        "type": "Base64 High Entropy String",
        "verified_result": null
      },
      {
        "hashed_secret": "eba086db5f214dc83adfcdc9d1765f7ba4c0231a",
        "is_verified": false,
        "line_number": 5134,
        "type": "Base64 High Entropy String",
        "verified_result": null
      },
      {
        "hashed_secret": "46ad1984ce81128fc5040db8164c0cddf8574423",
        "is_verified": false,
        "line_number": 5147,
        "type": "Base64 High Entropy String",
        "verified_result": null
      },
      {
        "hashed_secret": "25bfa062a903685efd8eca3cc86975376ea1a160",
        "is_verified": false,
        "line_number": 5162,
        "type": "Base64 High Entropy String",
        "verified_result": null
      },
      {
        "hashed_secret": "d7cdb9c755d36ef6bba01ff385c215194d07c523",
        "is_verified": false,
        "line_number": 5175,
        "type": "Base64 High Entropy String",
        "verified_result": null
      },
      {
        "hashed_secret": "3b7990b0f82bc9bc6c4ec02744f9c02e76aac827",
        "is_verified": false,
        "line_number": 5187,
        "type": "Base64 High Entropy String",
        "verified_result": null
      },
      {
        "hashed_secret": "9072ebcbad57a1ae4256c5ae37c1e7c7ae5325de",
        "is_verified": false,
        "line_number": 5199,
        "type": "Base64 High Entropy String",
        "verified_result": null
      },
      {
        "hashed_secret": "23423aec1fa9a6422ea8dbb0c73bd0174b2b38cf",
        "is_verified": false,
        "line_number": 5208,
        "type": "Base64 High Entropy String",
        "verified_result": null
      },
      {
        "hashed_secret": "f84afe8f43dd892df9c412d4903a4d62a12cb135",
        "is_verified": false,
        "line_number": 5214,
        "type": "Base64 High Entropy String",
        "verified_result": null
      },
      {
        "hashed_secret": "ed5695eb040e5c940801b8d72eb96490e4b2f11e",
        "is_verified": false,
        "line_number": 5228,
        "type": "Base64 High Entropy String",
        "verified_result": null
      },
      {
        "hashed_secret": "bb05672f29d196996d896664a1b8ab1d5b96fe4d",
        "is_verified": false,
        "line_number": 5240,
        "type": "Base64 High Entropy String",
        "verified_result": null
      },
      {
        "hashed_secret": "3da27985279d7d55ced598655b77d5a3aef28e39",
        "is_verified": false,
        "line_number": 5254,
        "type": "Base64 High Entropy String",
        "verified_result": null
      },
      {
        "hashed_secret": "a4f82d37ce63312b47bb65bbb70bdc2ddd99ff55",
        "is_verified": false,
        "line_number": 5263,
        "type": "Base64 High Entropy String",
        "verified_result": null
      },
      {
        "hashed_secret": "73ca6edf410b4b5aa1437064ebde3b97f4016449",
        "is_verified": false,
        "line_number": 5269,
        "type": "Base64 High Entropy String",
        "verified_result": null
      },
      {
        "hashed_secret": "4df39929e064753ba3493aa207ba8984a6cd766c",
        "is_verified": false,
        "line_number": 5278,
        "type": "Base64 High Entropy String",
        "verified_result": null
      },
      {
        "hashed_secret": "e45f8f0f8f0463a80493faaf81d1fe3d0fa4a174",
        "is_verified": false,
        "line_number": 5290,
        "type": "Base64 High Entropy String",
        "verified_result": null
      },
      {
        "hashed_secret": "8368db68b0ace9e898989e5e645c5e1eddf99b11",
        "is_verified": false,
        "line_number": 5299,
        "type": "Base64 High Entropy String",
        "verified_result": null
      },
      {
        "hashed_secret": "c9f80f31bd1c4da33d2d7460bea07fd9e2fb6638",
        "is_verified": false,
        "line_number": 5311,
        "type": "Base64 High Entropy String",
        "verified_result": null
      },
      {
        "hashed_secret": "8db956011899a12e5f3cd3b6451ca77c5896f94d",
        "is_verified": false,
        "line_number": 5324,
        "type": "Base64 High Entropy String",
        "verified_result": null
      },
      {
        "hashed_secret": "5f8b0a58d193642935e68662af106991f30ff430",
        "is_verified": false,
        "line_number": 5334,
        "type": "Base64 High Entropy String",
        "verified_result": null
      },
      {
        "hashed_secret": "3cec356b4ff63d59160877b7da1bdac2897b3d3d",
        "is_verified": false,
        "line_number": 5340,
        "type": "Base64 High Entropy String",
        "verified_result": null
      },
      {
        "hashed_secret": "1cb5fddb971e504e9f3c988034dd8643d47b1a43",
        "is_verified": false,
        "line_number": 5351,
        "type": "Base64 High Entropy String",
        "verified_result": null
      },
      {
        "hashed_secret": "29c480c45e32cedbac883aeecfde98a25aa06b28",
        "is_verified": false,
        "line_number": 5358,
        "type": "Base64 High Entropy String",
        "verified_result": null
      },
      {
        "hashed_secret": "5d679632236831f6d6e53d9113005f6c4a7ed697",
        "is_verified": false,
        "line_number": 5369,
        "type": "Base64 High Entropy String",
        "verified_result": null
      },
      {
        "hashed_secret": "5731922078c6ca080b8957b02356a9400a9f6fa4",
        "is_verified": false,
        "line_number": 5376,
        "type": "Base64 High Entropy String",
        "verified_result": null
      },
      {
        "hashed_secret": "2a57a9814486d6f83257ec94e65d1024819611b8",
        "is_verified": false,
        "line_number": 5386,
        "type": "Base64 High Entropy String",
        "verified_result": null
      },
      {
        "hashed_secret": "bdaf8b094715fef6fc9d26c411bc0f51e1f4d6bd",
        "is_verified": false,
        "line_number": 5395,
        "type": "Base64 High Entropy String",
        "verified_result": null
      },
      {
        "hashed_secret": "4c8a960439864672cef22edf28a40c8a3749ed68",
        "is_verified": false,
        "line_number": 5409,
        "type": "Base64 High Entropy String",
        "verified_result": null
      },
      {
        "hashed_secret": "222a341d618e024b519fac505d14764be7a4759e",
        "is_verified": false,
        "line_number": 5421,
        "type": "Base64 High Entropy String",
        "verified_result": null
      },
      {
        "hashed_secret": "1e03b27c90d535ad27436b6c57f6026829d37808",
        "is_verified": false,
        "line_number": 5430,
        "type": "Base64 High Entropy String",
        "verified_result": null
      },
      {
        "hashed_secret": "59eb93688655aaa71ba47d2f0271cd709e14c862",
        "is_verified": false,
        "line_number": 5443,
        "type": "Base64 High Entropy String",
        "verified_result": null
      },
      {
        "hashed_secret": "d18dd02a916af5a6e80d515e406c028b499e9226",
        "is_verified": false,
        "line_number": 5453,
        "type": "Base64 High Entropy String",
        "verified_result": null
      },
      {
        "hashed_secret": "69e4418b2ffb487c86b50465bb7a8dd539577c3f",
        "is_verified": false,
        "line_number": 5470,
        "type": "Base64 High Entropy String",
        "verified_result": null
      },
      {
        "hashed_secret": "b50d6220b9a6e1de94f69c37ffa58be583344347",
        "is_verified": false,
        "line_number": 5483,
        "type": "Base64 High Entropy String",
        "verified_result": null
      },
      {
        "hashed_secret": "f00390dc74fe6fbe3521da94d3a490c245a42b67",
        "is_verified": false,
        "line_number": 5500,
        "type": "Base64 High Entropy String",
        "verified_result": null
      },
      {
        "hashed_secret": "6c736b856b07f9bb436d769b2386b851eb7bccde",
        "is_verified": false,
        "line_number": 5513,
        "type": "Base64 High Entropy String",
        "verified_result": null
      },
      {
        "hashed_secret": "1752a879137363d4e61f2d2ce420085a801f6756",
        "is_verified": false,
        "line_number": 5523,
        "type": "Base64 High Entropy String",
        "verified_result": null
      },
      {
        "hashed_secret": "22f3d72e7eefc7b3d1473692831de36cd4f9b451",
        "is_verified": false,
        "line_number": 5542,
        "type": "Base64 High Entropy String",
        "verified_result": null
      },
      {
        "hashed_secret": "1319241c9339d2d0fa21df8b55e6cf255ee85a2a",
        "is_verified": false,
        "line_number": 5555,
        "type": "Base64 High Entropy String",
        "verified_result": null
      },
      {
        "hashed_secret": "ff38528f4ba7ae788e34ce04ce2b8c83d9fbaed9",
        "is_verified": false,
        "line_number": 5568,
        "type": "Base64 High Entropy String",
        "verified_result": null
      },
      {
        "hashed_secret": "2cb5b9f6443249aa68b40b28591255745def6b89",
        "is_verified": false,
        "line_number": 5578,
        "type": "Base64 High Entropy String",
        "verified_result": null
      },
      {
        "hashed_secret": "d0d49e503325d218955d4db20c9fa0dfd1ce10f3",
        "is_verified": false,
        "line_number": 5591,
        "type": "Base64 High Entropy String",
        "verified_result": null
      },
      {
        "hashed_secret": "3bea92b9f6fb799774c52db9b38668949e60a65f",
        "is_verified": false,
        "line_number": 5607,
        "type": "Base64 High Entropy String",
        "verified_result": null
      },
      {
        "hashed_secret": "16fa3bfaeef78e32910c87baf9060e51490d09ad",
        "is_verified": false,
        "line_number": 5624,
        "type": "Base64 High Entropy String",
        "verified_result": null
      },
      {
        "hashed_secret": "84cbfec871cf2b178ab90fcc1f442fa369e99a02",
        "is_verified": false,
        "line_number": 5642,
        "type": "Base64 High Entropy String",
        "verified_result": null
      },
      {
        "hashed_secret": "36a41bfa336a40f390233bcb3edba75b423c0ac5",
        "is_verified": false,
        "line_number": 5655,
        "type": "Base64 High Entropy String",
        "verified_result": null
      },
      {
        "hashed_secret": "9411e7b9ca1ee055ea4f95081d5942b2f6e0fda1",
        "is_verified": false,
        "line_number": 5667,
        "type": "Base64 High Entropy String",
        "verified_result": null
      },
      {
        "hashed_secret": "8c4172c0c2c532d365c5d4a073108091382f1dbc",
        "is_verified": false,
        "line_number": 5676,
        "type": "Base64 High Entropy String",
        "verified_result": null
      },
      {
        "hashed_secret": "61daef219a32046633e73ba8c3fefa7d4ab6b969",
        "is_verified": false,
        "line_number": 5686,
        "type": "Base64 High Entropy String",
        "verified_result": null
      },
      {
        "hashed_secret": "b9d6359fabc640786748fbc71eb7510582560090",
        "is_verified": false,
        "line_number": 5699,
        "type": "Base64 High Entropy String",
        "verified_result": null
      },
      {
        "hashed_secret": "693201372e1a13babd3bc8e2f97465c5c29b5afc",
        "is_verified": false,
        "line_number": 5713,
        "type": "Base64 High Entropy String",
        "verified_result": null
      },
      {
        "hashed_secret": "a262ef5d040b07f2f5983199282b5ed181e7d2a4",
        "is_verified": false,
        "line_number": 5723,
        "type": "Base64 High Entropy String",
        "verified_result": null
      },
      {
        "hashed_secret": "c6e83af38bcc1f5153bd093e9817cb1d1e531a29",
        "is_verified": false,
        "line_number": 5733,
        "type": "Base64 High Entropy String",
        "verified_result": null
      },
      {
        "hashed_secret": "a0044d962afac1f6455c8e89c1ab856826128b7c",
        "is_verified": false,
        "line_number": 5746,
        "type": "Base64 High Entropy String",
        "verified_result": null
      },
      {
        "hashed_secret": "91ecd999d1405b2ccf8e834c3ffb8cf1fe756a3a",
        "is_verified": false,
        "line_number": 5762,
        "type": "Base64 High Entropy String",
        "verified_result": null
      },
      {
        "hashed_secret": "9e742991efee6428cab23acbfbf4a79f5bcd0fc5",
        "is_verified": false,
        "line_number": 5769,
        "type": "Base64 High Entropy String",
        "verified_result": null
      },
      {
        "hashed_secret": "f427e11d8ab768118693a39aa38f5f5215b096c8",
        "is_verified": false,
        "line_number": 5778,
        "type": "Base64 High Entropy String",
        "verified_result": null
      },
      {
        "hashed_secret": "735bd20202e59e618bfe941a5941731da477e7b6",
        "is_verified": false,
        "line_number": 5788,
        "type": "Base64 High Entropy String",
        "verified_result": null
      },
      {
        "hashed_secret": "4311b1992ce595dc1c806a790ce9b90f5ea08e48",
        "is_verified": false,
        "line_number": 5794,
        "type": "Base64 High Entropy String",
        "verified_result": null
      },
      {
        "hashed_secret": "f0257d02d23f53e799476af74cf0386375d4b6c2",
        "is_verified": false,
        "line_number": 5805,
        "type": "Base64 High Entropy String",
        "verified_result": null
      },
      {
        "hashed_secret": "502ed3cb6d6f07c63a9a2ef33f92a2f3097cc722",
        "is_verified": false,
        "line_number": 5820,
        "type": "Base64 High Entropy String",
        "verified_result": null
      },
      {
        "hashed_secret": "47f61db9968d9147373f9919fb2d39f044af96d4",
        "is_verified": false,
        "line_number": 5827,
        "type": "Base64 High Entropy String",
        "verified_result": null
      },
      {
        "hashed_secret": "845000390934a56f92bf868e699920b42663cbbe",
        "is_verified": false,
        "line_number": 5844,
        "type": "Base64 High Entropy String",
        "verified_result": null
      },
      {
        "hashed_secret": "fd979750316587a434d421119fe616d5325ac2fb",
        "is_verified": false,
        "line_number": 5853,
        "type": "Base64 High Entropy String",
        "verified_result": null
      },
      {
        "hashed_secret": "03edbe2e35e4244d03ec1f59ae4b9e86cb180365",
        "is_verified": false,
        "line_number": 5862,
        "type": "Base64 High Entropy String",
        "verified_result": null
      },
      {
        "hashed_secret": "0024da22a77cac1f696f787d497b38fcbb2730c8",
        "is_verified": false,
        "line_number": 5868,
        "type": "Base64 High Entropy String",
        "verified_result": null
      },
      {
        "hashed_secret": "870edf2e3d49cca58020ed671229678252aab029",
        "is_verified": false,
        "line_number": 5886,
        "type": "Base64 High Entropy String",
        "verified_result": null
      },
      {
        "hashed_secret": "8dbe57e0fb77e02e3c6ce2fea324da52988cc557",
        "is_verified": false,
        "line_number": 5896,
        "type": "Base64 High Entropy String",
        "verified_result": null
      },
      {
        "hashed_secret": "bedb2ecaf027607fac6d4c72d9b81bad23396285",
        "is_verified": false,
        "line_number": 5909,
        "type": "Base64 High Entropy String",
        "verified_result": null
      },
      {
        "hashed_secret": "b1c179f98a45a16ae541474f4a1b00bfd13ea1cc",
        "is_verified": false,
        "line_number": 5916,
        "type": "Base64 High Entropy String",
        "verified_result": null
      },
      {
        "hashed_secret": "6c6fb16ce60bc024c0867fbcd83565517becc89d",
        "is_verified": false,
        "line_number": 5934,
        "type": "Base64 High Entropy String",
        "verified_result": null
      },
      {
        "hashed_secret": "eda94171b6decd250070e6c7fc57a8752fa30193",
        "is_verified": false,
        "line_number": 5950,
        "type": "Base64 High Entropy String",
        "verified_result": null
      },
      {
        "hashed_secret": "9fc98458191a1f0d10f4b79ed149b726e389de76",
        "is_verified": false,
        "line_number": 5960,
        "type": "Base64 High Entropy String",
        "verified_result": null
      }
    ],
    "vulnerabilityadvisorv4/vulnerability_advisor_v4_examples_test.go": [
      {
        "hashed_secret": "811424347556b661512671f7a53aafa6aaf03ca2",
        "is_secret": false,
        "is_verified": false,
        "line_number": 39,
        "type": "Secret Keyword",
        "verified_result": null
      }
    ],
    "vulnerabilityadvisorv4/vulnerability_advisor_v4_integration_test.go": [
      {
        "hashed_secret": "c4a53180c86d1fdbf0d0421913e1dfc45d66e42a",
        "is_secret": false,
        "is_verified": false,
        "line_number": 44,
        "type": "Secret Keyword",
        "verified_result": null
      }
    ],
    "vulnerabilityadvisorv4/vulnerability_advisor_v4_test.go": [
      {
        "hashed_secret": "1f5e25be9b575e9f5d39c82dfd1d9f4d73f1975c",
        "is_secret": false,
        "is_verified": false,
        "line_number": 62,
        "type": "Secret Keyword",
        "verified_result": null
      }
    ]
  },
  "version": "0.13.1+ibm.64.dss",
  "word_list": {
    "file": null,
    "hash": null
  }
}
